Error parsing file.
ResolveSymbolError(44,30)[Could not find a10.]
Symbol(readInt)
Symbol(readFloat)
Symbol(printBool)
Symbol(printInt)
Symbol(printFloat)
Symbol(println)
Symbol(main)
  Symbol(a1)
    Symbol(a2)
      Symbol(a3)
        Symbol(a4)
          Symbol(a5)
            Symbol(a6)
              Symbol(a7)
                Symbol(a8)
                  Symbol(a9)

ResolveSymbolError(54,28)[Could not find a9.]
Symbol(readInt)
Symbol(readFloat)
Symbol(printBool)
Symbol(printInt)
Symbol(printFloat)
Symbol(println)
Symbol(main)
  Symbol(a1)
    Symbol(a2)
      Symbol(a3)
        Symbol(a4)
          Symbol(a5)
            Symbol(a6)
              Symbol(a7)
                Symbol(a8)

ResolveSymbolError(55,28)[Could not find a10.]
Symbol(readInt)
Symbol(readFloat)
Symbol(printBool)
Symbol(printInt)
Symbol(printFloat)
Symbol(println)
Symbol(main)
  Symbol(a1)
    Symbol(a2)
      Symbol(a3)
        Symbol(a4)
          Symbol(a5)
            Symbol(a6)
              Symbol(a7)
                Symbol(a8)

ResolveSymbolError(64,26)[Could not find a8.]
Symbol(readInt)
Symbol(readFloat)
Symbol(printBool)
Symbol(printInt)
Symbol(printFloat)
Symbol(println)
Symbol(main)
  Symbol(a1)
    Symbol(a2)
      Symbol(a3)
        Symbol(a4)
          Symbol(a5)
            Symbol(a6)
              Symbol(a7)

ResolveSymbolError(65,26)[Could not find a9.]
Symbol(readInt)
Symbol(readFloat)
Symbol(printBool)
Symbol(printInt)
Symbol(printFloat)
Symbol(println)
Symbol(main)
  Symbol(a1)
    Symbol(a2)
      Symbol(a3)
        Symbol(a4)
          Symbol(a5)
            Symbol(a6)
              Symbol(a7)

ResolveSymbolError(66,26)[Could not find a10.]
Symbol(readInt)
Symbol(readFloat)
Symbol(printBool)
Symbol(printInt)
Symbol(printFloat)
Symbol(println)
Symbol(main)
  Symbol(a1)
    Symbol(a2)
      Symbol(a3)
        Symbol(a4)
          Symbol(a5)
            Symbol(a6)
              Symbol(a7)

ResolveSymbolError(74,24)[Could not find a7.]
Symbol(readInt)
Symbol(readFloat)
Symbol(printBool)
Symbol(printInt)
Symbol(printFloat)
Symbol(println)
Symbol(main)
  Symbol(a1)
    Symbol(a2)
      Symbol(a3)
        Symbol(a4)
          Symbol(a5)
            Symbol(a6)

ResolveSymbolError(75,24)[Could not find a8.]
Symbol(readInt)
Symbol(readFloat)
Symbol(printBool)
Symbol(printInt)
Symbol(printFloat)
Symbol(println)
Symbol(main)
  Symbol(a1)
    Symbol(a2)
      Symbol(a3)
        Symbol(a4)
          Symbol(a5)
            Symbol(a6)

ResolveSymbolError(76,24)[Could not find a9.]
Symbol(readInt)
Symbol(readFloat)
Symbol(printBool)
Symbol(printInt)
Symbol(printFloat)
Symbol(println)
Symbol(main)
  Symbol(a1)
    Symbol(a2)
      Symbol(a3)
        Symbol(a4)
          Symbol(a5)
            Symbol(a6)

ResolveSymbolError(77,24)[Could not find a10.]
Symbol(readInt)
Symbol(readFloat)
Symbol(printBool)
Symbol(printInt)
Symbol(printFloat)
Symbol(println)
Symbol(main)
  Symbol(a1)
    Symbol(a2)
      Symbol(a3)
        Symbol(a4)
          Symbol(a5)
            Symbol(a6)

ResolveSymbolError(84,22)[Could not find a6.]
Symbol(readInt)
Symbol(readFloat)
Symbol(printBool)
Symbol(printInt)
Symbol(printFloat)
Symbol(println)
Symbol(main)
  Symbol(a1)
    Symbol(a2)
      Symbol(a3)
        Symbol(a4)
          Symbol(a5)

ResolveSymbolError(85,22)[Could not find a7.]
Symbol(readInt)
Symbol(readFloat)
Symbol(printBool)
Symbol(printInt)
Symbol(printFloat)
Symbol(println)
Symbol(main)
  Symbol(a1)
    Symbol(a2)
      Symbol(a3)
        Symbol(a4)
          Symbol(a5)

ResolveSymbolError(86,22)[Could not find a8.]
Symbol(readInt)
Symbol(readFloat)
Symbol(printBool)
Symbol(printInt)
Symbol(printFloat)
Symbol(println)
Symbol(main)
  Symbol(a1)
    Symbol(a2)
      Symbol(a3)
        Symbol(a4)
          Symbol(a5)

ResolveSymbolError(87,22)[Could not find a9.]
Symbol(readInt)
Symbol(readFloat)
Symbol(printBool)
Symbol(printInt)
Symbol(printFloat)
Symbol(println)
Symbol(main)
  Symbol(a1)
    Symbol(a2)
      Symbol(a3)
        Symbol(a4)
          Symbol(a5)

ResolveSymbolError(88,22)[Could not find a10.]
Symbol(readInt)
Symbol(readFloat)
Symbol(printBool)
Symbol(printInt)
Symbol(printFloat)
Symbol(println)
Symbol(main)
  Symbol(a1)
    Symbol(a2)
      Symbol(a3)
        Symbol(a4)
          Symbol(a5)

ResolveSymbolError(94,20)[Could not find a5.]
Symbol(readInt)
Symbol(readFloat)
Symbol(printBool)
Symbol(printInt)
Symbol(printFloat)
Symbol(println)
Symbol(main)
  Symbol(a1)
    Symbol(a2)
      Symbol(a3)
        Symbol(a4)

ResolveSymbolError(95,20)[Could not find a6.]
Symbol(readInt)
Symbol(readFloat)
Symbol(printBool)
Symbol(printInt)
Symbol(printFloat)
Symbol(println)
Symbol(main)
  Symbol(a1)
    Symbol(a2)
      Symbol(a3)
        Symbol(a4)

ResolveSymbolError(96,20)[Could not find a7.]
Symbol(readInt)
Symbol(readFloat)
Symbol(printBool)
Symbol(printInt)
Symbol(printFloat)
Symbol(println)
Symbol(main)
  Symbol(a1)
    Symbol(a2)
      Symbol(a3)
        Symbol(a4)

ResolveSymbolError(97,20)[Could not find a8.]
Symbol(readInt)
Symbol(readFloat)
Symbol(printBool)
Symbol(printInt)
Symbol(printFloat)
Symbol(println)
Symbol(main)
  Symbol(a1)
    Symbol(a2)
      Symbol(a3)
        Symbol(a4)

ResolveSymbolError(98,20)[Could not find a9.]
Symbol(readInt)
Symbol(readFloat)
Symbol(printBool)
Symbol(printInt)
Symbol(printFloat)
Symbol(println)
Symbol(main)
  Symbol(a1)
    Symbol(a2)
      Symbol(a3)
        Symbol(a4)

ResolveSymbolError(99,20)[Could not find a10.]
Symbol(readInt)
Symbol(readFloat)
Symbol(printBool)
Symbol(printInt)
Symbol(printFloat)
Symbol(println)
Symbol(main)
  Symbol(a1)
    Symbol(a2)
      Symbol(a3)
        Symbol(a4)

ResolveSymbolError(104,18)[Could not find a4.]
Symbol(readInt)
Symbol(readFloat)
Symbol(printBool)
Symbol(printInt)
Symbol(printFloat)
Symbol(println)
Symbol(main)
  Symbol(a1)
    Symbol(a2)
      Symbol(a3)

ResolveSymbolError(105,18)[Could not find a5.]
Symbol(readInt)
Symbol(readFloat)
Symbol(printBool)
Symbol(printInt)
Symbol(printFloat)
Symbol(println)
Symbol(main)
  Symbol(a1)
    Symbol(a2)
      Symbol(a3)

ResolveSymbolError(106,18)[Could not find a6.]
Symbol(readInt)
Symbol(readFloat)
Symbol(printBool)
Symbol(printInt)
Symbol(printFloat)
Symbol(println)
Symbol(main)
  Symbol(a1)
    Symbol(a2)
      Symbol(a3)

ResolveSymbolError(107,18)[Could not find a7.]
Symbol(readInt)
Symbol(readFloat)
Symbol(printBool)
Symbol(printInt)
Symbol(printFloat)
Symbol(println)
Symbol(main)
  Symbol(a1)
    Symbol(a2)
      Symbol(a3)

ResolveSymbolError(108,18)[Could not find a8.]
Symbol(readInt)
Symbol(readFloat)
Symbol(printBool)
Symbol(printInt)
Symbol(printFloat)
Symbol(println)
Symbol(main)
  Symbol(a1)
    Symbol(a2)
      Symbol(a3)

ResolveSymbolError(109,18)[Could not find a9.]
Symbol(readInt)
Symbol(readFloat)
Symbol(printBool)
Symbol(printInt)
Symbol(printFloat)
Symbol(println)
Symbol(main)
  Symbol(a1)
    Symbol(a2)
      Symbol(a3)

ResolveSymbolError(110,18)[Could not find a10.]
Symbol(readInt)
Symbol(readFloat)
Symbol(printBool)
Symbol(printInt)
Symbol(printFloat)
Symbol(println)
Symbol(main)
  Symbol(a1)
    Symbol(a2)
      Symbol(a3)

ResolveSymbolError(114,16)[Could not find a3.]
Symbol(readInt)
Symbol(readFloat)
Symbol(printBool)
Symbol(printInt)
Symbol(printFloat)
Symbol(println)
Symbol(main)
  Symbol(a1)
    Symbol(a2)

ResolveSymbolError(115,16)[Could not find a4.]
Symbol(readInt)
Symbol(readFloat)
Symbol(printBool)
Symbol(printInt)
Symbol(printFloat)
Symbol(println)
Symbol(main)
  Symbol(a1)
    Symbol(a2)

ResolveSymbolError(116,16)[Could not find a5.]
Symbol(readInt)
Symbol(readFloat)
Symbol(printBool)
Symbol(printInt)
Symbol(printFloat)
Symbol(println)
Symbol(main)
  Symbol(a1)
    Symbol(a2)

ResolveSymbolError(117,16)[Could not find a6.]
Symbol(readInt)
Symbol(readFloat)
Symbol(printBool)
Symbol(printInt)
Symbol(printFloat)
Symbol(println)
Symbol(main)
  Symbol(a1)
    Symbol(a2)

ResolveSymbolError(118,16)[Could not find a7.]
Symbol(readInt)
Symbol(readFloat)
Symbol(printBool)
Symbol(printInt)
Symbol(printFloat)
Symbol(println)
Symbol(main)
  Symbol(a1)
    Symbol(a2)

ResolveSymbolError(119,16)[Could not find a8.]
Symbol(readInt)
Symbol(readFloat)
Symbol(printBool)
Symbol(printInt)
Symbol(printFloat)
Symbol(println)
Symbol(main)
  Symbol(a1)
    Symbol(a2)

ResolveSymbolError(120,16)[Could not find a9.]
Symbol(readInt)
Symbol(readFloat)
Symbol(printBool)
Symbol(printInt)
Symbol(printFloat)
Symbol(println)
Symbol(main)
  Symbol(a1)
    Symbol(a2)

ResolveSymbolError(121,16)[Could not find a10.]
Symbol(readInt)
Symbol(readFloat)
Symbol(printBool)
Symbol(printInt)
Symbol(printFloat)
Symbol(println)
Symbol(main)
  Symbol(a1)
    Symbol(a2)

ResolveSymbolError(124,14)[Could not find a2.]
Symbol(readInt)
Symbol(readFloat)
Symbol(printBool)
Symbol(printInt)
Symbol(printFloat)
Symbol(println)
Symbol(main)
  Symbol(a1)

ResolveSymbolError(125,14)[Could not find a3.]
Symbol(readInt)
Symbol(readFloat)
Symbol(printBool)
Symbol(printInt)
Symbol(printFloat)
Symbol(println)
Symbol(main)
  Symbol(a1)

ResolveSymbolError(126,14)[Could not find a4.]
Symbol(readInt)
Symbol(readFloat)
Symbol(printBool)
Symbol(printInt)
Symbol(printFloat)
Symbol(println)
Symbol(main)
  Symbol(a1)

ResolveSymbolError(127,14)[Could not find a5.]
Symbol(readInt)
Symbol(readFloat)
Symbol(printBool)
Symbol(printInt)
Symbol(printFloat)
Symbol(println)
Symbol(main)
  Symbol(a1)

ResolveSymbolError(128,14)[Could not find a6.]
Symbol(readInt)
Symbol(readFloat)
Symbol(printBool)
Symbol(printInt)
Symbol(printFloat)
Symbol(println)
Symbol(main)
  Symbol(a1)

ResolveSymbolError(129,14)[Could not find a7.]
Symbol(readInt)
Symbol(readFloat)
Symbol(printBool)
Symbol(printInt)
Symbol(printFloat)
Symbol(println)
Symbol(main)
  Symbol(a1)

ResolveSymbolError(130,14)[Could not find a8.]
Symbol(readInt)
Symbol(readFloat)
Symbol(printBool)
Symbol(printInt)
Symbol(printFloat)
Symbol(println)
Symbol(main)
  Symbol(a1)

ResolveSymbolError(131,14)[Could not find a9.]
Symbol(readInt)
Symbol(readFloat)
Symbol(printBool)
Symbol(printInt)
Symbol(printFloat)
Symbol(println)
Symbol(main)
  Symbol(a1)

ResolveSymbolError(132,14)[Could not find a10.]
Symbol(readInt)
Symbol(readFloat)
Symbol(printBool)
Symbol(printInt)
Symbol(printFloat)
Symbol(println)
Symbol(main)
  Symbol(a1)


