Error parsing file.
ResolveSymbolError(9,5)[Could not find unk.]
Symbol(readInt)
Symbol(readFloat)
Symbol(printBool)
Symbol(printInt)
Symbol(printFloat)
Symbol(println)
Symbol(a)
Symbol(main)
  Symbol(laMbda)
  Symbol(lambda)


