PROGRAM
  DECLARATION_LIST
    DECLARATION
      VARIABLE_DECLARATION
        TYPE
    DECLARATION
      ARRAY_DECLARATION
        TYPE
    DECLARATION
      ARRAY_DECLARATION
        TYPE
    DECLARATION
      FUNCTION_DEFINITION
        PARAMETER_LIST
          PARAMETER
            TYPE
          PARAMETER
            TYPE
          PARAMETER
            TYPE
        TYPE
        STATEMENT_BLOCK
          STATEMENT_LIST

