PROGRAM
  DECLARATION_LIST
    DECLARATION
      FUNCTION_DEFINITION
        PARAMETER_LIST
        TYPE
        STATEMENT_BLOCK
          STATEMENT_LIST
            STATEMENT
              ASSIGNMENT_STATEMENT
                DESIGNATOR
                EXPRESSION0
                  EXPRESSION1
                    EXPRESSION2
                      EXPRESSION3
                        LITERAL
    DECLARATION
      FUNCTION_DEFINITION
        PARAMETER_LIST
          PARAMETER
            TYPE
        TYPE
        STATEMENT_BLOCK
          STATEMENT_LIST
            STATEMENT
              ASSIGNMENT_STATEMENT
                DESIGNATOR
                EXPRESSION0
                  EXPRESSION1
                    EXPRESSION2
                      EXPRESSION3
                        LITERAL
    DECLARATION
      FUNCTION_DEFINITION
        PARAMETER_LIST
          PARAMETER
            TYPE
          PARAMETER
            TYPE
        TYPE
        STATEMENT_BLOCK
          STATEMENT_LIST
            STATEMENT
              ASSIGNMENT_STATEMENT
                DESIGNATOR
                EXPRESSION0
                  EXPRESSION1
                    EXPRESSION2
                      EXPRESSION3
                        LITERAL
    DECLARATION
      FUNCTION_DEFINITION
        PARAMETER_LIST
          PARAMETER
            TYPE
          PARAMETER
            TYPE
          PARAMETER
            TYPE
        TYPE
        STATEMENT_BLOCK
          STATEMENT_LIST
            STATEMENT
              ASSIGNMENT_STATEMENT
                DESIGNATOR
                EXPRESSION0
                  EXPRESSION1
                    EXPRESSION2
                      EXPRESSION3
                        LITERAL
    DECLARATION
      FUNCTION_DEFINITION
        PARAMETER_LIST
          PARAMETER
            TYPE
          PARAMETER
            TYPE
          PARAMETER
            TYPE
          PARAMETER
            TYPE
        TYPE
        STATEMENT_BLOCK
          STATEMENT_LIST
            STATEMENT
              ASSIGNMENT_STATEMENT
                DESIGNATOR
                EXPRESSION0
                  EXPRESSION1
                    EXPRESSION2
                      EXPRESSION3
                        LITERAL
    DECLARATION
      FUNCTION_DEFINITION
        PARAMETER_LIST
          PARAMETER
            TYPE
          PARAMETER
            TYPE
          PARAMETER
            TYPE
          PARAMETER
            TYPE
        TYPE
        STATEMENT_BLOCK
          STATEMENT_LIST
            STATEMENT
              ASSIGNMENT_STATEMENT
                DESIGNATOR
                EXPRESSION0
                  EXPRESSION1
                    EXPRESSION2
                      EXPRESSION3
                        LITERAL

