Error parsing file.
SyntaxError(8,3)[Expected OPEN_BRACE but got ELSE.]
SyntaxError(8,3)[Could not complete parsing.]
