Error parsing file.
SyntaxError(4,5)[Expected IDENTIFIER but got CALL.]
SyntaxError(4,5)[Could not complete parsing.]
