Error parsing file.
SyntaxError(5,18)[Expected a token from EXPRESSION3 but got SEMICOLON.]
SyntaxError(5,18)[Could not complete parsing.]
